
> myblog@0.1.0 build
> next build

▲ Next.js 16.3.8 (Turbopack)
✓ Running next.config.ts took 52ms

  Creating an optimized production build ...

> Build error occurred
Error: Turbopack build failed with 11 errors:
./app/blog/page.tsx:59:67
Error: Expected '</', got 'jsx text'
  [90m57 |[0m                 <div className=[32m"p-4"[0m>
  [90m58 |[0m                   <h3 className=[32m"mb-2 text-lg font-semibold text-primary>{post.title}</h3>[0m
[31m[1m>[0m [90m59 |[0m [32m                  <p className="[0mmb-[35m3[0m text-muted>{post.excerpt}</p>
  [90m   |[0m                                                                   [31m[1m^^^^^^^^^^^^^^^^^^^^^^^^^^^[0m
[31m[1m>[0m [90m60 |[0m                   <div className=[32m"flex items-center justify-between text-sm text-muted"[0m>
  [90m   |[0m [31m[1m^^^^^^^^^^^^^^^^^^[0m
  [90m61 |[0m                     <span>{post.date}</span>
  [90m62 |[0m                     <span>{post.readTime}</span>
  [90m63 |[0m                   </div>

Parsing ecmascript source code failed


./app/projects/page.tsx:97:70
Error: Expected unicode escape
  [90m 95 |[0m ...metrics.map(
  [90m 96 |[0m ...=> (
[31m[1m>[0m [90m 97 |[0m ...              <div key={m.label} className=\[32m"flex justify-between\">\n                ...[0m
  [90m    |[0m                                               [31m[1m^[0m
  [90m 98 |[0m ...
  [90m 99 |[0m ...
  [90m100 |[0m ...

Parsing ecmascript source code failed


./app/projects/page.tsx:97:71
Error: Unterminated string constant
  [90m 95 |[0m ...
  [90m 96 |[0m ...
[31m[1m>[0m [90m 97 |[0m ...[32m<span>{m.label}</span>\n                  <span>{m.value}</span>\n                </di...[0m
  [90m    |[0m    [31m[1m^^^^^^^^^^^^^^^^^^^^^^^^^^^^^^^^^^^^^^^^^^^^^^^^^^^^^^^^^^^^^^^^^^^^^^^^^^^^^^^^^^^^^^^^^[0m
  [90m 98 |[0m ...
  [90m 99 |[0m ...
  [90m100 |[0m ...

Parsing ecmascript source code failed


./app/about/page.tsx:4:1
Error: Export default doesn't exist in target module
  [90m2 |[0m
  [90m3 |[0m [36mimport[0m [33mLink[0m [36mfrom[0m [32m"next/link"[0m;
[31m[1m>[0m [90m4 |[0m [36mimport[0m motion [36mfrom[0m [32m"framer-motion/client"[0m;
  [90m  |[0m [31m[1m^^^^^^^^^^^^^^^^^^^^^^^^^^^^^^^^^^^^^^^^^^[0m
  [90m5 |[0m
  [90m6 |[0m [36mexport[0m [36mdefault[0m [36mfunction[0m [33mAbout[0m() {
  [90m7 |[0m   [36mreturn[0m (

The export default was not found in module [project]/node_modules/framer-motion/dist/es/client.mjs [app-client] (ecmascript).
Did you mean to import defs?
All exports of the module are statically known (It doesn't have dynamic exports). So it's known statically that the requested export doesn't exist.

Import traces:
  Client Component Browser:
    ./app/about/page.tsx [Client Component Browser]
    ./app/about/page.tsx [Server Component]

  Client Component SSR:
    ./app/about/page.tsx [Client Component SSR]
    ./app/about/page.tsx [Server Component]


./app/about/page.tsx:4:1
Error: Export default doesn't exist in target module
  [90m2 |[0m
  [90m3 |[0m [36mimport[0m [33mLink[0m [36mfrom[0m [32m"next/link"[0m;
[31m[1m>[0m [90m4 |[0m [36mimport[0m motion [36mfrom[0m [32m"framer-motion/client"[0m;
  [90m  |[0m [31m[1m^^^^^^^^^^^^^^^^^^^^^^^^^^^^^^^^^^^^^^^^^^[0m
  [90m5 |[0m
  [90m6 |[0m [36mexport[0m [36mdefault[0m [36mfunction[0m [33mAbout[0m() {
  [90m7 |[0m   [36mreturn[0m (

The export default was not found in module [project]/node_modules/framer-motion/dist/es/client.mjs [app-ssr] (ecmascript).
Did you mean to import defs?
All exports of the module are statically known (It doesn't have dynamic exports). So it's known statically that the requested export doesn't exist.

Import traces:
  Client Component Browser:
    ./app/about/page.tsx [Client Component Browser]
    ./app/about/page.tsx [Server Component]

  Client Component SSR:
    ./app/about/page.tsx [Client Component SSR]
    ./app/about/page.tsx [Server Component]


./app/blog/[slug]/page.tsx:5:1
Error: Export default doesn't exist in target module
  [90m3 |[0m [36mimport[0m { notFound } [36mfrom[0m [32m"next/navigation"[0m;
  [90m4 |[0m [36mimport[0m [33mLink[0m [36mfrom[0m [32m"next/link"[0m;
[31m[1m>[0m [90m5 |[0m [36mimport[0m motion [36mfrom[0m [32m"framer-motion/client"[0m;
  [90m  |[0m [31m[1m^^^^^^^^^^^^^^^^^^^^^^^^^^^^^^^^^^^^^^^^^^[0m
  [90m6 |[0m
  [90m7 |[0m [36mconst[0m posts = [
  [90m8 |[0m   {

The export default was not found in module [project]/node_modules/framer-motion/dist/es/client.mjs [app-client] (ecmascript).
Did you mean to import defs?
All exports of the module are statically known (It doesn't have dynamic exports). So it's known statically that the requested export doesn't exist.

Import traces:
  Client Component Browser:
    ./app/blog/[slug]/page.tsx [Client Component Browser]
    ./app/blog/[slug]/page.tsx [Server Component]

  Client Component SSR:
    ./app/blog/[slug]/page.tsx [Client Component SSR]
    ./app/blog/[slug]/page.tsx [Server Component]


./app/blog/[slug]/page.tsx:5:1
Error: Export default doesn't exist in target module
  [90m3 |[0m [36mimport[0m { notFound } [36mfrom[0m [32m"next/navigation"[0m;
  [90m4 |[0m [36mimport[0m [33mLink[0m [36mfrom[0m [32m"next/link"[0m;
[31m[1m>[0m [90m5 |[0m [36mimport[0m motion [36mfrom[0m [32m"framer-motion/client"[0m;
  [90m  |[0m [31m[1m^^^^^^^^^^^^^^^^^^^^^^^^^^^^^^^^^^^^^^^^^^[0m
  [90m6 |[0m
  [90m7 |[0m [36mconst[0m posts = [
  [90m8 |[0m   {

The export default was not found in module [project]/node_modules/framer-motion/dist/es/client.mjs [app-ssr] (ecmascript).
Did you mean to import defs?
All exports of the module are statically known (It doesn't have dynamic exports). So it's known statically that the requested export doesn't exist.

Import traces:
  Client Component Browser:
    ./app/blog/[slug]/page.tsx [Client Component Browser]
    ./app/blog/[slug]/page.tsx [Server Component]

  Client Component SSR:
    ./app/blog/[slug]/page.tsx [Client Component SSR]
    ./app/blog/[slug]/page.tsx [Server Component]


./app/contact/page.tsx:4:1
Error: Export default doesn't exist in target module
  [90m2 |[0m
  [90m3 |[0m [36mimport[0m [33mLink[0m [36mfrom[0m [32m"next/link"[0m;
[31m[1m>[0m [90m4 |[0m [36mimport[0m motion [36mfrom[0m [32m"framer-motion/client"[0m;
  [90m  |[0m [31m[1m^^^^^^^^^^^^^^^^^^^^^^^^^^^^^^^^^^^^^^^^^^[0m
  [90m5 |[0m
  [90m6 |[0m [36mexport[0m [36mdefault[0m [36mfunction[0m [33mContact[0m() {
  [90m7 |[0m   [36mreturn[0m (

The export default was not found in module [project]/node_modules/framer-motion/dist/es/client.mjs [app-client] (ecmascript).
Did you mean to import defs?
All exports of the module are statically known (It doesn't have dynamic exports). So it's known statically that the requested export doesn't exist.

Import traces:
  Client Component Browser:
    ./app/contact/page.tsx [Client Component Browser]
    ./app/contact/page.tsx [Server Component]

  Client Component SSR:
    ./app/contact/page.tsx [Client Component SSR]
    ./app/contact/page.tsx [Server Component]


./app/contact/page.tsx:4:1
Error: Export default doesn't exist in target module
  [90m2 |[0m
  [90m3 |[0m [36mimport[0m [33mLink[0m [36mfrom[0m [32m"next/link"[0m;
[31m[1m>[0m [90m4 |[0m [36mimport[0m motion [36mfrom[0m [32m"framer-motion/client"[0m;
  [90m  |[0m [31m[1m^^^^^^^^^^^^^^^^^^^^^^^^^^^^^^^^^^^^^^^^^^[0m
  [90m5 |[0m
  [90m6 |[0m [36mexport[0m [36mdefault[0m [36mfunction[0m [33mContact[0m() {
  [90m7 |[0m   [36mreturn[0m (

The export default was not found in module [project]/node_modules/framer-motion/dist/es/client.mjs [app-ssr] (ecmascript).
Did you mean to import defs?
All exports of the module are statically known (It doesn't have dynamic exports). So it's known statically that the requested export doesn't exist.

Import traces:
  Client Component Browser:
    ./app/contact/page.tsx [Client Component Browser]
    ./app/contact/page.tsx [Server Component]

  Client Component SSR:
    ./app/contact/page.tsx [Client Component SSR]
    ./app/contact/page.tsx [Server Component]


./app/page.tsx:3:1
Error: Export default doesn't exist in target module
  [90m1 |[0m [32m"use client"[0m;
  [90m2 |[0m
[31m[1m>[0m [90m3 |[0m [36mimport[0m motion [36mfrom[0m [32m"framer-motion/client"[0m;
  [90m  |[0m [31m[1m^^^^^^^^^^^^^^^^^^^^^^^^^^^^^^^^^^^^^^^^^^[0m
  [90m4 |[0m [36mimport[0m [33mLink[0m [36mfrom[0m [32m"next/link"[0m;
  [90m5 |[0m
  [90m6 |[0m [36mexport[0m [36mdefault[0m [36mfunction[0m [33mHome[0m() {

The export default was not found in module [project]/node_modules/framer-motion/dist/es/client.mjs [app-client] (ecmascript).
Did you mean to import defs?
All exports of the module are statically known (It doesn't have dynamic exports). So it's known statically that the requested export doesn't exist.

Import traces:
  Client Component Browser:
    ./app/page.tsx [Client Component Browser]
    ./app/page.tsx [Server Component]

  Client Component SSR:
    ./app/page.tsx [Client Component SSR]
    ./app/page.tsx [Server Component]


./app/page.tsx:3:1
Error: Export default doesn't exist in target module
  [90m1 |[0m [32m"use client"[0m;
  [90m2 |[0m
[31m[1m>[0m [90m3 |[0m [36mimport[0m motion [36mfrom[0m [32m"framer-motion/client"[0m;
  [90m  |[0m [31m[1m^^^^^^^^^^^^^^^^^^^^^^^^^^^^^^^^^^^^^^^^^^[0m
  [90m4 |[0m [36mimport[0m [33mLink[0m [36mfrom[0m [32m"next/link"[0m;
  [90m5 |[0m
  [90m6 |[0m [36mexport[0m [36mdefault[0m [36mfunction[0m [33mHome[0m() {

The export default was not found in module [project]/node_modules/framer-motion/dist/es/client.mjs [app-ssr] (ecmascript).
Did you mean to import defs?
All exports of the module are statically known (It doesn't have dynamic exports). So it's known statically that the requested export doesn't exist.

Import traces:
  Client Component Browser:
    ./app/page.tsx [Client Component Browser]
    ./app/page.tsx [Server Component]

  Client Component SSR:
    ./app/page.tsx [Client Component SSR]
    ./app/page.tsx [Server Component]


    at <unknown> (./app/blog/page.tsx:59:67)
    at <unknown> (./app/projects/page.tsx:97:70)
    at <unknown> (./app/projects/page.tsx:97:71)
    at <unknown> (./app/about/page.tsx:4:1)
    at <unknown> (./app/about/page.tsx:4:1)
    at <unknown> (./app/blog/[slug]/page.tsx:5:1)
    at <unknown> (./app/blog/[slug]/page.tsx:5:1)
    at <unknown> (./app/contact/page.tsx:4:1)
    at <unknown> (./app/contact/page.tsx:4:1)
    at <unknown> (./app/page.tsx:3:1)
    at <unknown> (./app/page.tsx:3:1)
