
> myblog@0.1.0 build
> next build

▲ Next.js 16.3.8 (Turbopack)
✓ Running next.config.ts took 53ms

  Creating an optimized production build ...
✓ Compiled successfully in 4.3s
  Running TypeScript ...
  Finished TypeScript in 4.9s ...
  Collecting page data using 1 worker ...
  Generating static pages using 1 worker (0/8) ...
  Generating static pages using 1 worker (2/8) 
  Generating static pages using 1 worker (4/8) 
  Generating static pages using 1 worker (6/8) 
✓ Generating static pages using 1 worker (8/8) in 351ms
  Finalizing page optimization ...

Route (app)
┌ ○ /
├ ○ /_not-found
├ ○ /about
├ ○ /blog
├ ƒ /blog/[slug]
├ ○ /contact
└ ○ /projects


○  (Static)   prerendered as static content
ƒ  (Dynamic)  server-rendered on demand

