
> myblog@0.1.0 build
> next build

▲ Next.js 16.3.8 (Turbopack)
✓ Running next.config.ts took 73ms
Attention: Next.js now collects completely anonymous telemetry regarding usage.
This information is used to shape Next.js' roadmap and prioritize features.
You can learn more, including how to opt-out if you'd not like to participate in this anonymous program, by visiting the following URL:
https://nextjs.org/telemetry


  Creating an optimized production build ...

> Build error occurred
Error: Turbopack build failed with 6 errors:
./app/about/page.tsx:2:1
Error: Export default doesn't exist in target module
  [90m1 |[0m [36mimport[0m [33mLink[0m [36mfrom[0m [32m"next/link"[0m;
[31m[1m>[0m [90m2 |[0m [36mimport[0m motion [36mfrom[0m [32m"framer-motion"[0m;
  [90m  |[0m [31m[1m^^^^^^^^^^^^^^^^^^^^^^^^^^^^^^^^^^^[0m
  [90m3 |[0m
  [90m4 |[0m [36mexport[0m [36mdefault[0m [36mfunction[0m [33mAbout[0m() {
  [90m5 |[0m   [36mreturn[0m (

The export default was not found in module [project]/node_modules/framer-motion/dist/es/index.mjs [app-rsc] (ecmascript).
Did you mean to import defaultOffset?
All exports of the module are statically known (It doesn't have dynamic exports). So it's known statically that the requested export doesn't exist.


./app/blog/[slug]/page.tsx:3:1
Error: Export default doesn't exist in target module
  [90m1 |[0m [36mimport[0m { notFound } [36mfrom[0m [32m"next/navigation"[0m;
  [90m2 |[0m [36mimport[0m [33mLink[0m [36mfrom[0m [32m"next/link"[0m;
[31m[1m>[0m [90m3 |[0m [36mimport[0m motion [36mfrom[0m [32m"framer-motion"[0m;
  [90m  |[0m [31m[1m^^^^^^^^^^^^^^^^^^^^^^^^^^^^^^^^^^^[0m
  [90m4 |[0m
  [90m5 |[0m [36mconst[0m posts = [
  [90m6 |[0m   {

The export default was not found in module [project]/node_modules/framer-motion/dist/es/index.mjs [app-rsc] (ecmascript).
Did you mean to import defaultOffset?
All exports of the module are statically known (It doesn't have dynamic exports). So it's known statically that the requested export doesn't exist.


./app/blog/page.tsx:2:1
Error: Export default doesn't exist in target module
  [90m1 |[0m [36mimport[0m [33mLink[0m [36mfrom[0m [32m"next/link"[0m;
[31m[1m>[0m [90m2 |[0m [36mimport[0m motion [36mfrom[0m [32m"framer-motion"[0m;
  [90m  |[0m [31m[1m^^^^^^^^^^^^^^^^^^^^^^^^^^^^^^^^^^^[0m
  [90m3 |[0m
  [90m4 |[0m [36mconst[0m posts = [
  [90m5 |[0m   {

The export default was not found in module [project]/node_modules/framer-motion/dist/es/index.mjs [app-rsc] (ecmascript).
Did you mean to import defaultOffset?
All exports of the module are statically known (It doesn't have dynamic exports). So it's known statically that the requested export doesn't exist.


./app/contact/page.tsx:2:1
Error: Export default doesn't exist in target module
  [90m1 |[0m [36mimport[0m [33mLink[0m [36mfrom[0m [32m"next/link"[0m;
[31m[1m>[0m [90m2 |[0m [36mimport[0m motion [36mfrom[0m [32m"framer-motion"[0m;
  [90m  |[0m [31m[1m^^^^^^^^^^^^^^^^^^^^^^^^^^^^^^^^^^^[0m
  [90m3 |[0m
  [90m4 |[0m [36mexport[0m [36mdefault[0m [36mfunction[0m [33mContact[0m() {
  [90m5 |[0m   [36mreturn[0m (

The export default was not found in module [project]/node_modules/framer-motion/dist/es/index.mjs [app-rsc] (ecmascript).
Did you mean to import defaultOffset?
All exports of the module are statically known (It doesn't have dynamic exports). So it's known statically that the requested export doesn't exist.


./app/page.tsx:1:1
Error: Export default doesn't exist in target module
[31m[1m>[0m [90m1 |[0m [36mimport[0m motion [36mfrom[0m [32m"framer-motion"[0m;
  [90m  |[0m [31m[1m^^^^^^^^^^^^^^^^^^^^^^^^^^^^^^^^^^^[0m
  [90m2 |[0m [36mimport[0m [33mLink[0m [36mfrom[0m [32m"next/link"[0m;
  [90m3 |[0m
  [90m4 |[0m [36mexport[0m [36mdefault[0m [36mfunction[0m [33mHome[0m() {

The export default was not found in module [project]/node_modules/framer-motion/dist/es/index.mjs [app-rsc] (ecmascript).
Did you mean to import defaultOffset?
All exports of the module are statically known (It doesn't have dynamic exports). So it's known statically that the requested export doesn't exist.


./app/projects/page.tsx:2:1
Error: Export default doesn't exist in target module
  [90m1 |[0m [36mimport[0m [33mLink[0m [36mfrom[0m [32m"next/link"[0m;
[31m[1m>[0m [90m2 |[0m [36mimport[0m motion [36mfrom[0m [32m"framer-motion"[0m;
  [90m  |[0m [31m[1m^^^^^^^^^^^^^^^^^^^^^^^^^^^^^^^^^^^[0m
  [90m3 |[0m
  [90m4 |[0m [36mexport[0m [36mdefault[0m [36mfunction[0m [33mProjects[0m() {
  [90m5 |[0m   [36mconst[0m projects = [

The export default was not found in module [project]/node_modules/framer-motion/dist/es/index.mjs [app-rsc] (ecmascript).
Did you mean to import defaultOffset?
All exports of the module are statically known (It doesn't have dynamic exports). So it's known statically that the requested export doesn't exist.


    at <unknown> (./app/about/page.tsx:2:1)
    at <unknown> (./app/blog/[slug]/page.tsx:3:1)
    at <unknown> (./app/blog/page.tsx:2:1)
    at <unknown> (./app/contact/page.tsx:2:1)
    at <unknown> (./app/page.tsx:1:1)
    at <unknown> (./app/projects/page.tsx:2:1)
